Ok: Blue
Orange: H30, S100, L50
Blue
Red
Green
HSL
