a is 1
a is not b
a is 1 and b is 2
a is 2 or b is 2
a is 1
