115
116
100
105
110
95
116
101
115
116
95
105
110
112
117
116
10
