regular: 1
regular: 2
regular: 3
with break: 1
with break: 2
with continue: 2
with continue: 3
