Street
Person: name=John, age=20, address=Street, address=123
New Street
Person: name=Jane, age=21, address=New Street, address=456
