OK: Level 1
OK: Level 2
OK: Level 3.1
OK: Level 3.2
