OK: 'the' has been found
OK: 'the' (from var) has been found
