OK: Matched
OK: No match with empty if-body
OK: No match
