Multiple string add: Hi again!
String add inside call args
