length()
3

pop()
Third

Iterate
First
Hello

x in list
OK: `First` is in the list
OK: `not_there` is not in the list

clear()
0
